../Core/Src/main.c:77:5:main	32	static
../Core/Src/main.c:163:6:SystemClock_Config	120	static
../Core/Src/main.c:223:6:PeriphCommonClock_Config	200	static
../Core/Src/main.c:242:13:MX_SPI1_Init	8	static
../Core/Src/main.c:290:13:MX_USART2_UART_Init	8	static
../Core/Src/main.c:338:13:MX_USART3_UART_Init	8	static
../Core/Src/main.c:386:13:MX_GPIO_Init	48	static
../Core/Src/main.c:426:6:mpu9250_write_reg	16	static
../Core/Src/main.c:433:6:mpu9250_read_reg	24	static
../Core/Src/main.c:448:6:Error_Handler	4	static,ignoring_inline_asm
