../Core/Src/main.c:77:5:main	136	static
../Core/Src/main.c:189:6:SystemClock_Config	120	static
../Core/Src/main.c:249:6:PeriphCommonClock_Config	200	static
../Core/Src/main.c:268:13:MX_SPI1_Init	8	static
../Core/Src/main.c:316:13:MX_USART2_UART_Init	8	static
../Core/Src/main.c:364:13:MX_USART3_UART_Init	8	static
../Core/Src/main.c:412:13:MX_GPIO_Init	48	static
../Core/Src/main.c:452:6:mpu9250_write_reg	16	static
../Core/Src/main.c:459:6:mpu9250_read_reg	24	static
../Core/Src/main.c:474:6:Error_Handler	4	static,ignoring_inline_asm
